[www.elegantthemes.com/layouts/community-non-profit/charity-landing-page/live-demo.html]
[backblue.gif]
[fade.gif]
[index.html]
[www.elegantthemes.com/layouts/wp-includes/css/dist/block-library/style.min9dff.css]
[www.elegantthemes.com/layouts/wp-content/plugins/woocommerce/packages/woocommerce-blocks/build/stylee64e.css]
[www.elegantthemes.com/layouts/wp-content/plugins/woocommerce/assets/css/woocommerce-layout2e46.css]
[www.elegantthemes.com/layouts/wp-content/plugins/woocommerce/assets/css/woocommerce-smallscreen2e46.css]
[www.elegantthemes.com/layouts/wp-content/plugins/woocommerce/assets/css/woocommerce2e46.css]
[www.elegantthemes.com/layouts/wp-content/themes/Divi/styleb523.css]
[www.elegantthemes.com/layouts/wp-includes/css/dashicons.min9dff.css]
[www.elegantthemes.com/layouts/wp-includes/js/jquery/jquery4a5f.js]
[www.elegantthemes.com/layouts/wp-includes/js/jquery/jquery-migrate.min330a.js]
[cdn.jsdelivr.net/npm/es6-promise@4/dist/es6-promise.auto.min9dff.js]
[www.elegantthemes.com/layouts/wp-content/themes/Divi/core/admin/js/recaptcha9dff.js]
[www.elegantthemes.com/layouts/wp-content/uploads/2017/12/logo.png]
[www.elegantthemes.com/layouts/wp-content/et-cache/216535/et-core-unified-216535-15823312742283.min.css]
[www.elegantthemes.com/layouts/wp-content/uploads/2018/11/charity-10.png]
[www.elegantthemes.com/layouts/wp-content/uploads/2018/11/charity-13.png]
[www.elegantthemes.com/layouts/wp-content/uploads/2018/11/charity-02.jpg]
[www.elegantthemes.com/layouts/wp-content/uploads/2018/11/charity-28.jpg]
[www.elegantthemes.com/layouts/wp-content/uploads/2018/11/charity-27.jpg]
[www.elegantthemes.com/layouts/wp-content/uploads/2018/11/charity-26.jpg]
[www.elegantthemes.com/layouts/wp-content/uploads/2018/11/charity-29.jpg]
[www.elegantthemes.com/layouts/wp-content/uploads/2018/11/charity-24.jpg]
[www.elegantthemes.com/layouts/wp-content/uploads/2018/11/charity-20.png]
[www.elegantthemes.com/layouts/wp-content/uploads/2018/11/charity-19.png]
[www.elegantthemes.com/layouts/wp-content/uploads/2018/11/logo_03-1.png]
[www.elegantthemes.com/layouts/wp-content/uploads/2018/11/logo_01-2.png]
[www.elegantthemes.com/layouts/wp-content/uploads/2018/11/logo_06-3.png]
[www.elegantthemes.com/layouts/wp-content/uploads/2018/11/logo_02-2.png]
[www.elegantthemes.com/layouts/wp-content/uploads/2018/11/logo_04-3.png]
[www.elegantthemes.com/layouts/wp-content/uploads/2018/11/logo_05-3.png]
[www.elegantthemes.com/layouts/wp-content/uploads/2017/12/bakery-16-400x250.jpg]
[www.elegantthemes.com/layouts/wp-content/uploads/2018/01/generator-68-400x250.jpg]
[www.elegantthemes.com/layouts/wp-content/uploads/2017/12/florist-04-400x250.jpg]
[www.elegantthemes.com/layouts/wp-content/uploads/2018/11/charity-23.png]
[www.elegantthemes.com/layouts/wp-includes/js/mediaelement/mediaelementplayer-legacy.minc270.css]
[www.elegantthemes.com/layouts/wp-includes/js/mediaelement/wp-mediaelement.min9dff.css]
[www.elegantthemes.com/layouts/wp-content/plugins/woocommerce/assets/js/jquery-blockui/jquery.blockUI.min44fd.js]
[www.elegantthemes.com/layouts/wp-content/plugins/woocommerce/assets/js/frontend/add-to-cart.min2e46.js]
[www.elegantthemes.com/layouts/wp-content/plugins/woocommerce/assets/js/js-cookie/js.cookie.min6b25.js]
[www.elegantthemes.com/layouts/wp-content/plugins/woocommerce/assets/js/frontend/woocommerce.min2e46.js]
[www.elegantthemes.com/layouts/wp-content/plugins/woocommerce/assets/js/frontend/cart-fragments.min2e46.js]
[www.elegantthemes.com/layouts/wp-content/themes/Divi/core/admin/js/commonb523.js]
[www.elegantthemes.com/layouts/wp-content/themes/Divi/js/custom.unifiedb523.js]
[www.elegantthemes.com/layouts/wp-includes/js/wp-embed.min9dff.js]
[www.elegantthemes.com/layouts/wp-includes/js/mediaelement/mediaelement-and-player.minc270.js]
[www.elegantthemes.com/layouts/wp-includes/js/mediaelement/mediaelement-migrate.min9dff.js]
[www.elegantthemes.com/layouts/wp-includes/js/mediaelement/wp-mediaelement.min9dff.js]
[www.elegantthemes.com/layouts/community-non-profit/charity-landing-page/live-demo.html]
[www.elegantthemes.com/layouts/wp-includes/css/dist/block-library/style.min9dff.css]
[www.elegantthemes.com/layouts/wp-content/plugins/woocommerce/packages/woocommerce-blocks/build/stylee64e.css]
[www.elegantthemes.com/layouts/wp-content/plugins/woocommerce/assets/css/woocommerce-layout2e46.css]
[www.elegantthemes.com/layouts/wp-content/plugins/woocommerce/assets/css/woocommerce-smallscreen2e46.css]
[www.elegantthemes.com/layouts/wp-content/plugins/woocommerce/assets/css/woocommerce2e46.css]
[www.elegantthemes.com/layouts/wp-content/themes/Divi/core/admin/fonts/modules.eot]
[www.elegantthemes.com/layouts/wp-content/themes/Divi/core/admin/fonts/modulesd41d.eot]
[www.elegantthemes.com/layouts/wp-content/themes/Divi/core/admin/fonts/modules.ttf]
[www.elegantthemes.com/layouts/wp-content/themes/Divi/core/admin/fonts/modules.woff]
[www.elegantthemes.com/layouts/wp-content/themes/Divi/core/admin/fonts/modules.svg]
[www.elegantthemes.com/layouts/wp-content/themes/Divi/includes/builder/styles/images/subscribe-loader.gif]
[www.elegantthemes.com/layouts/wp-content/themes/Divi/includes/builder/styles/images/preloader.gif]
[www.elegantthemes.com/layouts/wp-content/themes/Divi/epanel/shortcodes/images/shortcodes-sprite.png]
[www.elegantthemes.com/layouts/wp-content/themes/Divi/styleb523.css]
[www.elegantthemes.com/layouts/wp-includes/css/dashicons.min9dff.css]
[www.elegantthemes.com/layouts/wp-content/uploads/2018/11/charity-22.png]
[www.elegantthemes.com/layouts/wp-content/et-cache/216535/et-core-unified-216535-15823312742283.min.css]
[www.elegantthemes.com/layouts/wp-includes/js/mediaelement/mejs-controls.svg]
[www.elegantthemes.com/layouts/wp-includes/js/mediaelement/mediaelementplayer-legacy.minc270.css]
[www.elegantthemes.com/layouts/wp-includes/js/mediaelement/wp-mediaelement.min9dff.css]
[www.elegantthemes.com/layouts/wp-content/themes/Divi/core/admin/fonts/modules.svg]
[www.elegantthemes.com/layouts/wp-includes/js/mediaelement/mejs-controls.svg]
